// Jest Snapshot v1, https://goo.gl/fbAQLP

exports[`ImageContainer matches snapshot 1`] = `
<DocumentFragment>
  <div
    class="container text-center"
  >
    <div
      class="row row-cols-2 row-cols-lg-5 g-2 g-lg-3"
    >
      <div
        class="no-img"
      >
        <p>
          No images found
        </p>
      </div>
    </div>
  </div>
</DocumentFragment>
`;
